
Merging program properties

Removed property 0xc0000002 to merge gnu-efi-3.0.9/lib/misc.o (0x3) and gnu-efi-3.0.9/lib/x86_64/efi_stub.o (not found)
Removed property 0xc0000002 to merge gnu-efi-3.0.9/lib/misc.o (not found) and ../Simple_UEFI_Bootloader/src/Bootloader.o (0x3)
Removed property 0xc0000002 to merge gnu-efi-3.0.9/lib/misc.o (not found) and ../Simple_UEFI_Bootloader/src/Graphics.o (0x3)
Removed property 0xc0000002 to merge gnu-efi-3.0.9/lib/misc.o (not found) and ../Simple_UEFI_Bootloader/src/Loader.o (0x3)
Removed property 0xc0000002 to merge gnu-efi-3.0.9/lib/misc.o (not found) and ../Simple_UEFI_Bootloader/src/Memory.o (0x3)
Removed property 0xc0000002 to merge gnu-efi-3.0.9/lib/misc.o (not found) and ../Simple_UEFI_Bootloader/src/MyName.o (0x3)

Discarded input sections

 .group         0x0000000000000000        0xc gnu-efi-3.0.9/lib/misc.o
 .group         0x0000000000000000        0xc gnu-efi-3.0.9/lib/misc.o
 .group         0x0000000000000000        0xc gnu-efi-3.0.9/lib/misc.o
 .group         0x0000000000000000        0xc gnu-efi-3.0.9/lib/misc.o
 .group         0x0000000000000000        0xc gnu-efi-3.0.9/lib/misc.o
 .group         0x0000000000000000        0xc gnu-efi-3.0.9/lib/misc.o
 .group         0x0000000000000000        0xc gnu-efi-3.0.9/lib/misc.o
 .group         0x0000000000000000        0xc gnu-efi-3.0.9/lib/misc.o
 .group         0x0000000000000000        0xc gnu-efi-3.0.9/lib/misc.o
 .group         0x0000000000000000        0xc gnu-efi-3.0.9/lib/misc.o
 .group         0x0000000000000000        0xc gnu-efi-3.0.9/lib/misc.o
 .group         0x0000000000000000        0xc gnu-efi-3.0.9/lib/misc.o
 .group         0x0000000000000000        0xc gnu-efi-3.0.9/lib/misc.o
 .group         0x0000000000000000        0xc gnu-efi-3.0.9/lib/misc.o
 .group         0x0000000000000000        0xc gnu-efi-3.0.9/lib/misc.o
 .group         0x0000000000000000        0xc gnu-efi-3.0.9/lib/misc.o
 .group         0x0000000000000000        0xc gnu-efi-3.0.9/lib/misc.o
 .group         0x0000000000000000        0xc gnu-efi-3.0.9/lib/misc.o
 .group         0x0000000000000000        0xc gnu-efi-3.0.9/lib/misc.o
 .group         0x0000000000000000        0xc gnu-efi-3.0.9/lib/misc.o
 .group         0x0000000000000000        0xc gnu-efi-3.0.9/lib/misc.o
 .group         0x0000000000000000        0xc gnu-efi-3.0.9/lib/misc.o
 .group         0x0000000000000000        0xc gnu-efi-3.0.9/lib/misc.o
 .group         0x0000000000000000        0xc gnu-efi-3.0.9/lib/misc.o
 .group         0x0000000000000000        0xc gnu-efi-3.0.9/lib/misc.o
 .group         0x0000000000000000        0xc gnu-efi-3.0.9/lib/misc.o
 .group         0x0000000000000000        0xc gnu-efi-3.0.9/lib/misc.o
 .group         0x0000000000000000        0xc gnu-efi-3.0.9/lib/misc.o
 .group         0x0000000000000000        0xc gnu-efi-3.0.9/lib/misc.o
 .group         0x0000000000000000        0xc gnu-efi-3.0.9/lib/misc.o
 .group         0x0000000000000000        0xc gnu-efi-3.0.9/lib/misc.o
 .group         0x0000000000000000        0xc gnu-efi-3.0.9/lib/misc.o
 .group         0x0000000000000000        0xc gnu-efi-3.0.9/lib/misc.o
 .group         0x0000000000000000        0xc gnu-efi-3.0.9/lib/misc.o
 .group         0x0000000000000000        0xc gnu-efi-3.0.9/lib/misc.o
 .group         0x0000000000000000        0xc gnu-efi-3.0.9/lib/misc.o
 .group         0x0000000000000000        0xc gnu-efi-3.0.9/lib/misc.o
 .debug_info    0x0000000000000000     0x2932 gnu-efi-3.0.9/lib/misc.o
 .debug_abbrev  0x0000000000000000      0x3ce gnu-efi-3.0.9/lib/misc.o
 .debug_loclists
                0x0000000000000000      0x9f8 gnu-efi-3.0.9/lib/misc.o
 .debug_aranges
                0x0000000000000000       0x30 gnu-efi-3.0.9/lib/misc.o
 .debug_macro   0x0000000000000000      0x1a6 gnu-efi-3.0.9/lib/misc.o
 .debug_macro   0x0000000000000000      0x946 gnu-efi-3.0.9/lib/misc.o
 .debug_macro   0x0000000000000000       0x28 gnu-efi-3.0.9/lib/misc.o
 .debug_macro   0x0000000000000000       0x10 gnu-efi-3.0.9/lib/misc.o
 .debug_macro   0x0000000000000000      0x34e gnu-efi-3.0.9/lib/misc.o
 .debug_macro   0x0000000000000000       0xcc gnu-efi-3.0.9/lib/misc.o
 .debug_macro   0x0000000000000000       0x10 gnu-efi-3.0.9/lib/misc.o
 .debug_macro   0x0000000000000000       0xd2 gnu-efi-3.0.9/lib/misc.o
 .debug_macro   0x0000000000000000      0x282 gnu-efi-3.0.9/lib/misc.o
 .debug_macro   0x0000000000000000      0x134 gnu-efi-3.0.9/lib/misc.o
 .debug_macro   0x0000000000000000      0x2bf gnu-efi-3.0.9/lib/misc.o
 .debug_macro   0x0000000000000000       0x10 gnu-efi-3.0.9/lib/misc.o
 .debug_macro   0x0000000000000000      0x2db gnu-efi-3.0.9/lib/misc.o
 .debug_macro   0x0000000000000000       0x5e gnu-efi-3.0.9/lib/misc.o
 .debug_macro   0x0000000000000000       0x1c gnu-efi-3.0.9/lib/misc.o
 .debug_macro   0x0000000000000000      0x121 gnu-efi-3.0.9/lib/misc.o
 .debug_macro   0x0000000000000000       0x61 gnu-efi-3.0.9/lib/misc.o
[...]
Memory Configuration

Name             Origin             Length             Attributes
*default*        0x0000000000000000 0xffffffffffffffff

Linker script and memory map

LOAD gnu-efi-3.0.9/lib/misc.o
LOAD gnu-efi-3.0.9/lib/print.o
LOAD gnu-efi-3.0.9/lib/smbios.o
LOAD gnu-efi-3.0.9/lib/sread.o
LOAD gnu-efi-3.0.9/lib/str.o
LOAD gnu-efi-3.0.9/lib/boxdraw.o
LOAD gnu-efi-3.0.9/lib/cmdline.o
LOAD gnu-efi-3.0.9/lib/console.o
LOAD gnu-efi-3.0.9/lib/crc.o
LOAD gnu-efi-3.0.9/lib/data.o
LOAD gnu-efi-3.0.9/lib/debug.o
LOAD gnu-efi-3.0.9/lib/dpath.o
LOAD gnu-efi-3.0.9/lib/error.o
LOAD gnu-efi-3.0.9/lib/event.o
LOAD gnu-efi-3.0.9/lib/exit.o
LOAD gnu-efi-3.0.9/lib/guid.o
LOAD gnu-efi-3.0.9/lib/hand.o
LOAD gnu-efi-3.0.9/lib/hw.o
LOAD gnu-efi-3.0.9/lib/init.o
LOAD gnu-efi-3.0.9/lib/lock.o
LOAD gnu-efi-3.0.9/lib/x86_64/callwrap.o
LOAD gnu-efi-3.0.9/lib/x86_64/initplat.o
LOAD gnu-efi-3.0.9/lib/x86_64/math.o
LOAD gnu-efi-3.0.9/lib/runtime/efirtlib.o
LOAD gnu-efi-3.0.9/lib/runtime/rtdata.o
LOAD gnu-efi-3.0.9/lib/runtime/rtlock.o
LOAD gnu-efi-3.0.9/lib/runtime/rtstr.o
LOAD gnu-efi-3.0.9/lib/runtime/vm.o
LOAD gnu-efi-3.0.9/gnuefi/reloc_x86_64.o
LOAD gnu-efi-3.0.9/lib/x86_64/efi_stub.o
LOAD gnu-efi-3.0.9/lib/x86_64/setjmp.o
LOAD gnu-efi-3.0.9/gnuefi/crt0-efi-x86_64.o
LOAD ../Simple_UEFI_Bootloader/src/Bootloader.o
LOAD ../Simple_UEFI_Bootloader/src/Graphics.o
LOAD ../Simple_UEFI_Bootloader/src/Loader.o
LOAD ../Simple_UEFI_Bootloader/src/Memory.o
LOAD ../Simple_UEFI_Bootloader/src/MyName.o
                0x0000000000000000                . = 0x0
                0x0000000000000000                ImageBase = .

.hash
 *(.hash)

.gnu.hash       0x0000000000000000       0x1c
 *(.gnu.hash)
 .gnu.hash      0x0000000000000000       0x1c gnu-efi-3.0.9/lib/misc.o
                0x0000000000001000                . = ALIGN (0x1000)

.eh_frame       0x0000000000001000        0x0
 *(.eh_frame)
 .eh_frame      0x0000000000001000        0x0 gnu-efi-3.0.9/lib/misc.o
 .eh_frame      0x0000000000001000        0x0 gnu-efi-3.0.9/lib/misc.o
                0x0000000000001000                . = ALIGN (0x1000)

.text           0x0000000000001000     0xc6f0
                0x0000000000001000                _text = .
 *(.text)
 .text          0x0000000000001000      0x856 gnu-efi-3.0.9/lib/misc.o
                0x0000000000001000                AllocatePool
                0x000000000000103a                FreePool
                0x0000000000001054                ZeroMem
                0x0000000000001066                AllocateZeroPool
                0x0000000000001095                SetMem
                0x00000000000010aa                CopyMem
                0x00000000000010bc                ReallocatePool
                0x0000000000001120                CompareMem
                0x0000000000001132                GrowBuffer
                0x00000000000011d4                LibMemoryMap
                0x0000000000001273                LibGetVariableAndSize
                0x000000000000130a                LibGetVariable
                0x0000000000001321                LibDeleteVariable
                0x000000000000138b                LibSetNVVariable
                0x00000000000013b9                LibSetVariable
                0x00000000000013e7                LibInsertToTailOfBootOrder
                0x00000000000014c9                ValidMBR
                0x00000000000016d2                DecimaltoBCD
                0x00000000000016e8                BCDtoDecimal
                0x00000000000016fe                LibGetSystemConfigurationTable
                0x0000000000001775                LibGetUiString
 .text          0x0000000000001856     0x1a07 gnu-efi-3.0.9/lib/print.o
                0x0000000000001856                _SPrint
                0x0000000000001963                _PoolPrint
                0x0000000000001a79                IsLocalPrint
                0x0000000000001ab9                _DbgOut
                0x0000000000001ba3                PFLUSH
                0x0000000000001bf5                PSETATTR
                0x0000000000001c35                PPUTC
                0x0000000000001c8c                PGETC
                0x0000000000001cc0                PITEM
                0x0000000000001dd4                ValueToHex
                0x0000000000001e4b                ValueToString
                0x0000000000001f41                FloatToString
                0x0000000000002005                TimeToString
                0x00000000000020bb                _Print
                0x00000000000027a0                DbgPrint
                0x0000000000002991                _PoolCatPrint
                0x00000000000029fc                VSPrint
                0x0000000000002a42                SPrint
                0x0000000000002ad0                VPoolPrint
                0x0000000000002b14                PoolPrint
                0x0000000000002bac                CatPrint
                0x0000000000002c54                _IPrint
                0x0000000000002d43                Print
                0x0000000000002dfd                VPrint
                0x0000000000002e34                PrintAt
                0x0000000000002ed9                IPrint
                0x0000000000002f86                IPrintAt
                0x0000000000003021                APrint
                0x00000000000030da                DumpHex
 .text          0x000000000000325d      0x116 gnu-efi-3.0.9/lib/smbios.o
                0x000000000000325d                LibGetSmbiosString
                0x00000000000032a9                LibGetSmbiosSystemGuidAndSerialNumber
 .text          0x0000000000003373      0x3b5 gnu-efi-3.0.9/lib/sread.o
                0x0000000000003373                OpenSimpleReadFile
                0x000000000000366b                ReadSimpleReadFile
                0x00000000000036ee                CloseSimpleReadFile
 .text          0x0000000000003728      0x5a6 gnu-efi-3.0.9/lib/str.o
                0x0000000000003728                StrCmp
                0x000000000000373a                StrnCmp
                0x0000000000003774                LibStubStriCmp
                0x0000000000003814                LibStubStrLwrUpr
                0x0000000000003819                StriCmp
                0x000000000000384b                StrLwr
                0x000000000000387c                StrUpr
                0x00000000000038ad                StrCpy
                0x00000000000038bf                StrnCpy
                0x00000000000038d1                StpCpy
                0x00000000000038e3                StpnCpy
                0x00000000000038f5                StrCat
                0x0000000000003907                StrnCat
                0x0000000000003919                StrnLen
                0x000000000000392b                StrLen
                0x000000000000393d                StrSize
                0x000000000000394f                StrDuplicate
                0x0000000000003988                strlena
                0x00000000000039a1                strcmpa
                0x00000000000039c5                strncmpa
                0x00000000000039fb                xtoi
                0x0000000000003a69                Atoi
                0x0000000000003aa8                MetaMatch
                0x0000000000003bfa                LibStubMetaiMatch
                0x0000000000003c9a                MetaiMatch
 .text          0x0000000000003cce       0xa9 gnu-efi-3.0.9/lib/boxdraw.o
                0x0000000000003cce                LibIsValidTextGraphics
                0x0000000000003d34                IsValidAscii
                0x0000000000003d4d                IsValidEfiCntlChar
 .text          0x0000000000003d77      0x1fb gnu-efi-3.0.9/lib/cmdline.o
                0x0000000000003ea9                GetShellArgcArgv
 .text          0x0000000000003f72      0x114 gnu-efi-3.0.9/lib/console.o
                0x0000000000003f72                Output
                0x0000000000003f93                IInput
                0x0000000000004059                Input
 .text          0x0000000000004086       0xbb gnu-efi-3.0.9/lib/crc.o
                0x0000000000004086                CalculateCrc
                0x00000000000040ba                SetCrcAltSize
                0x00000000000040d9                SetCrc
                0x00000000000040e9                CheckCrcAltSize
                0x0000000000004131                CheckCrc
 .text          0x0000000000004141        0x0 gnu-efi-3.0.9/lib/data.o
 .text          0x0000000000004141       0x2b gnu-efi-3.0.9/lib/debug.o
                0x0000000000004141                DbgAssert
 .text          0x000000000000416c     0x19dc gnu-efi-3.0.9/lib/dpath.o
                0x0000000000005355                DevicePathFromHandle
                0x00000000000053ad                DevicePathInstance
                0x0000000000005439                DevicePathInstanceCount
                0x000000000000546f                DevicePathSize
                0x00000000000054a3                DuplicateDevicePath
                0x00000000000054dc                AppendDevicePath
                0x00000000000055cc                AppendDevicePathNode
                0x000000000000565c                FileDevicePath
                0x000000000000570a                UnpackDevicePath
                0x00000000000057e7                AppendDevicePathInstance
                0x000000000000588b                LibDevicePathToInterface
                0x0000000000005931                DevicePathToStr
                0x0000000000005a53                LibMatchDevicePaths
                0x0000000000005ab2                LibDuplicateDevicePathInstance
 .text          0x0000000000005b48       0x5f gnu-efi-3.0.9/lib/error.o
                0x0000000000005b48                StatusToString
 .text          0x0000000000005ba7      0x1ff gnu-efi-3.0.9/lib/event.o
                0x0000000000005ba7                LibCreateProtocolNotifyEvent
                0x0000000000005c27                WaitForSingleEvent
                0x0000000000005d10                WaitForEventWithTimeout
 .text          0x0000000000005da6       0x29 gnu-efi-3.0.9/lib/exit.o
                0x0000000000005da6                Exit
 .text          0x0000000000005dcf       0xf8 gnu-efi-3.0.9/lib/guid.o
                0x0000000000005dcf                InitializeGuid
                0x0000000000005dd4                CompareGuid
                0x0000000000005de6                GuidToString
 .text          0x0000000000005ec7      0xb5c gnu-efi-3.0.9/lib/hand.o
                0x0000000000005ec7                LibLocateHandle
                0x0000000000005f71                LibLocateProtocol
                0x000000000000601d                LibLocateHandleByDiskSignature
                0x0000000000006353                LibOpenRoot
                0x00000000000063c3                LibFileInfo
                0x000000000000642b                LibFileSystemInfo
                0x0000000000006493                LibFileSystemVolumeLabelInfo
                0x00000000000064fb                LibInstallProtocolInterfaces
                0x00000000000066f1                LibUninstallProtocolInterfaces
                0x00000000000067f1                LibReinstallProtocolInterfaces
 .text          0x0000000000006a23      0x155 gnu-efi-3.0.9/lib/hw.o
                0x0000000000006a23                InitializeGlobalIoDevice
                0x0000000000006abe                ReadPort
                0x0000000000006aea                WritePort
                0x0000000000006b1b                ReadPciConfig
                0x0000000000006b47                WritePciConfig
 .text          0x0000000000006b78      0x28a gnu-efi-3.0.9/lib/init.o
                0x0000000000006b78                InitializeUnicodeSupport
                0x0000000000006c72                EFIDebugVariable
                0x0000000000006cc8                InitializeLib
                0x0000000000006dbc                memset
                0x0000000000006ddc                memcpy
 .text          0x0000000000006e02       0x3c gnu-efi-3.0.9/lib/lock.o
                0x0000000000006e02                InitializeLock
                0x0000000000006e1a                AcquireLock
                0x0000000000006e2c                ReleaseLock
 .text          0x0000000000006e3e        0x0 gnu-efi-3.0.9/lib/x86_64/callwrap.o
 .text          0x0000000000006e3e        0x5 gnu-efi-3.0.9/lib/x86_64/initplat.o
                0x0000000000006e3e                InitializeLibPlatform
 .text          0x0000000000006e43       0x4c gnu-efi-3.0.9/lib/x86_64/math.o
                0x0000000000006e43                LShiftU64
                0x0000000000006e50                RShiftU64
                0x0000000000006e5d                MultU64x32
                0x0000000000006e69                DivU64x32
 .text          0x0000000000006e8f       0xab gnu-efi-3.0.9/lib/runtime/efirtlib.o
                0x0000000000006e8f                RtZeroMem
                0x0000000000006ea9                RtSetMem
                0x0000000000006ec2                RtCopyMem
                0x0000000000006ee2                RtCompareMem
                0x0000000000006f17                RtCompareGuid
 .text          0x0000000000006f3a        0x0 gnu-efi-3.0.9/lib/runtime/rtdata.o
 .text          0x0000000000006f3a       0x97 gnu-efi-3.0.9/lib/runtime/rtlock.o
                0x0000000000006f3a                RtAcquireLock
                0x0000000000006f8d                RtReleaseLock
 .text          0x0000000000006fd1      0x244 gnu-efi-3.0.9/lib/runtime/rtstr.o
                0x0000000000006fd1                RtStrCmp
                0x0000000000006ff7                RtStrCpy
                0x0000000000007016                RtStpCpy
                0x0000000000007038                RtStrCat
                0x0000000000007060                RtStrLen
                0x000000000000707a                RtStrnLen
                0x0000000000007099                RtStrnCpy
                0x00000000000070f9                RtStpnCpy
                0x000000000000715c                RtStrnCat
                0x00000000000071af                RtStrSize
                0x00000000000071ce                RtBCDtoDecimal
                0x00000000000071ec                RtDecimaltoBCD
 .text          0x0000000000007215       0xc6 gnu-efi-3.0.9/lib/runtime/vm.o
                0x0000000000007215                RtLibEnableVirtualMappings
                0x0000000000007271                RtConvertList
 .text          0x00000000000072db       0xa0 gnu-efi-3.0.9/gnuefi/reloc_x86_64.o
                0x00000000000072db                _relocate
 .text          0x000000000000737b      0x17b gnu-efi-3.0.9/lib/x86_64/efi_stub.o
                0x000000000000737b                efi_call0
                0x0000000000007386                efi_call1
                0x0000000000007394                efi_call2
                0x00000000000073a2                efi_call3
                0x00000000000073b3                efi_call4
                0x00000000000073c7                efi_call5
                0x00000000000073e0                efi_call6
                0x0000000000007403                efi_call7
                0x0000000000007430                efi_call8
                0x0000000000007467                efi_call9
                0x00000000000074a8                efi_call10
 .text          0x00000000000074f6       0x56 gnu-efi-3.0.9/lib/x86_64/setjmp.o
                0x00000000000074f6                setjmp
                0x000000000000751b                longjmp
 .text          0x000000000000754c       0x29 gnu-efi-3.0.9/gnuefi/crt0-efi-x86_64.o
                0x000000000000754c                _start
 .text          0x0000000000007575      0x412 ../Simple_UEFI_Bootloader/src/Bootloader.o
                0x0000000000007575                ShowWelcomeAndConfirm
                0x00000000000076e6                Keywait
                0x0000000000007795                efi_main
 .text          0x0000000000007987     0x29ed ../Simple_UEFI_Bootloader/src/Graphics.o
                0x0000000000007987                apple_set_os
                0x0000000000007a76                InitUEFI_GOP
 .text          0x000000000000a374     0x2179 ../Simple_UEFI_Bootloader/src/Loader.o
                0x000000000000a374                GoTime
 .text          0x000000000000c4ed      0x518 ../Simple_UEFI_Bootloader/src/Memory.o
                0x000000000000c4ed                compare
                0x000000000000c516                VerifyZeroMem
                0x000000000000c53c                ActuallyFreeAddress
                0x000000000000c69e                ActuallyFreeAddressByPage
                0x000000000000c837                print_memmap
 .text          0x000000000000ca05      0xcdc ../Simple_UEFI_Bootloader/src/MyName.o
                0x000000000000ca05                WaitKey
                0x000000000000ca64                AsciiLen
                0x000000000000ca7a                MeasureText5x7
                0x000000000000cad2                GetRandomPosition
                0x000000000000cc26                FindGlyph
                0x000000000000cc73                PackColor
                0x000000000000cd51                ClearScreenColor
                0x000000000000cda0                FillRect
                0x000000000000ce2e                DrawCenteredBox
                0x000000000000cecc                DrawGlyph5x7
                0x000000000000d021                DrawText5x7
                0x000000000000d10d                DrawInstructionBar
                0x000000000000d208                DrawScene
                0x000000000000d40f                RunMyNameGame
                0x000000000000d68c                PutPixel
 *(.text.*)
 *(.gnu.linkonce.t.*)
                0x000000000000d6f0                . = ALIGN (0x10)
 *fill*         0x000000000000d6e1        0xf 
                0x000000000000d6f0                _etext = .
                0x000000000000c6f0                _text_size = (. - _text)

.plt            0x000000000000d6f0        0x0
 .plt           0x000000000000d6f0        0x0 gnu-efi-3.0.9/lib/misc.o

.plt.got        0x000000000000d6f0        0x0
 .plt.got       0x000000000000d6f0        0x0 gnu-efi-3.0.9/lib/misc.o

.rela.dyn       0x000000000000d6f0        0x0
 .rela.plt      0x000000000000d6f0        0x0 gnu-efi-3.0.9/lib/misc.o
 .rela.bss      0x000000000000d6f0        0x0 gnu-efi-3.0.9/lib/misc.o
 .rela.ifunc    0x000000000000d6f0        0x0 gnu-efi-3.0.9/lib/misc.o
 .rela.text     0x000000000000d6f0        0x0 gnu-efi-3.0.9/lib/misc.o
                0x000000000000e000                . = ALIGN (0x1000)

.reloc          0x000000000000e000        0xa
 *(.reloc)
 .reloc         0x000000000000e000        0xa gnu-efi-3.0.9/gnuefi/crt0-efi-x86_64.o
                0x000000000000f000                . = ALIGN (0x1000)

.data           0x000000000000f000     0x81c8
                0x000000000000f000                _data = .
 *(.rodata*)
 .rodata        0x000000000000f000       0x14 gnu-efi-3.0.9/lib/misc.o
 *fill*         0x000000000000f014        0xc 
 .rodata        0x000000000000f020      0x228 gnu-efi-3.0.9/lib/print.o
 *fill*         0x000000000000f248        0x8 
 .rodata        0x000000000000f250       0x20 gnu-efi-3.0.9/lib/cmdline.o
 .rodata        0x000000000000f270        0x8 gnu-efi-3.0.9/lib/console.o
 .rodata        0x000000000000f278       0x1f gnu-efi-3.0.9/lib/debug.o
 *fill*         0x000000000000f297        0x1 
 .rodata        0x000000000000f298      0x752 gnu-efi-3.0.9/lib/dpath.o
 *fill*         0x000000000000f9ea        0x6 
 .rodata        0x000000000000f9f0      0x452 gnu-efi-3.0.9/lib/error.o
 *fill*         0x000000000000fe42        0x6 
 .rodata        0x000000000000fe48      0x4a0 gnu-efi-3.0.9/lib/guid.o
 .rodata        0x00000000000102e8       0x1c gnu-efi-3.0.9/lib/init.o
 *fill*         0x0000000000010304        0x4 
 .rodata        0x0000000000010308      0x69c ../Simple_UEFI_Bootloader/src/Bootloader.o
                0x0000000000010998                AppleFirmwareVendor
 *fill*         0x00000000000109a4       0x1c 
 .rodata        0x00000000000109c0     0x16ea ../Simple_UEFI_Bootloader/src/Graphics.o
                0x0000000000012000                PxFormats
 *fill*         0x00000000000120aa        0x6 
 .rodata        0x00000000000120b0     0x2854 ../Simple_UEFI_Bootloader/src/Loader.o
 *fill*         0x0000000000014904       0x1c 
 .rodata        0x0000000000014920      0x8c0 ../Simple_UEFI_Bootloader/src/Memory.o
                0x0000000000014e80                mem_types
 .rodata        0x00000000000151e0      0x18a ../Simple_UEFI_Bootloader/src/MyName.o
                0x0000000000015220                FontTable
                0x0000000000015358                NAME_2
                0x0000000000015360                NAME_1
 *(.got.plt)
 .got.plt       0x000000000001536a        0x0 gnu-efi-3.0.9/lib/misc.o
 *(.got)
 .got           0x000000000001536a        0x0 gnu-efi-3.0.9/lib/misc.o
 *(.data*)
 .data          0x000000000001536a        0x0 gnu-efi-3.0.9/lib/misc.o
 .data.rel.ro   0x000000000001536a        0x0 gnu-efi-3.0.9/lib/misc.o
 *fill*         0x000000000001536a        0x6 
 .data          0x0000000000015370       0x10 gnu-efi-3.0.9/lib/print.o
                0x0000000000015370                Hex
 .data          0x0000000000015380        0x0 gnu-efi-3.0.9/lib/smbios.o
 .data          0x0000000000015380        0x0 gnu-efi-3.0.9/lib/sread.o
 .data          0x0000000000015380        0x0 gnu-efi-3.0.9/lib/str.o
 .data          0x0000000000015380       0xc4 gnu-efi-3.0.9/lib/boxdraw.o
                0x0000000000015380                UnicodeToPcAnsiOrAscii
 .data          0x0000000000015444        0x0 gnu-efi-3.0.9/lib/cmdline.o
 .data          0x0000000000015444        0x0 gnu-efi-3.0.9/lib/console.o
 *fill*         0x0000000000015444       0x1c 
 .data          0x0000000000015460      0x400 gnu-efi-3.0.9/lib/crc.o
                0x0000000000015460                CRCTable
 .data          0x0000000000015860      0x6d1 gnu-efi-3.0.9/lib/data.o
                0x0000000000015860                gEfiDebugSupportProtocolGuid
                0x0000000000015870                gEfiDebugImageInfoTableGuid
                0x0000000000015880                AbsolutePointerProtocol
                0x0000000000015890                SimplePointerProtocol
                0x00000000000158a0                Tcp4Protocol
                0x00000000000158b0                Tcp4ServiceBindingProtocol
                0x00000000000158c0                Udp4Protocol
                0x00000000000158d0                Udp4ServiceBindingProtocol
                0x00000000000158e0                Ip4Protocol
                0x00000000000158f0                Ip4ServiceBindingProtocol
                0x0000000000015900                SalSystemTableGuid
                0x0000000000015910                SMBIOSTableGuid
                0x0000000000015920                Acpi20TableGuid
                0x0000000000015930                AcpiTableGuid
                0x0000000000015940                MpsTableGuid
                0x0000000000015950                UnknownDevice
                0x0000000000015960                EfiPartTypeLegacyMbrGuid
                0x0000000000015970                EfiPartTypeSystemPartitionGuid
                0x0000000000015980                gEfiVTUTF8Guid
                0x0000000000015990                gEfiVT100PlusGuid
                0x00000000000159a0                gEfiVT100Guid
                0x00000000000159b0                gEfiPcAnsiGuid
                0x00000000000159c0                AdapterDebugProtocol
                0x00000000000159d0                gEfiEdidOverrideProtocolGuid
                0x00000000000159e0                gEfiEdidActiveProtocolGuid
                0x00000000000159f0                gEfiEdidDiscoveredProtocolGuid
                0x0000000000015a00                gEfiGraphicsOutputProtocolGuid
                0x0000000000015a10                TextInSpliterProtocol
                0x0000000000015a20                ErrorOutSpliterProtocol
                0x0000000000015a30                TextOutSpliterProtocol
                0x0000000000015a40                VgaClassProtocol
                0x0000000000015a50                LegacyBootProtocol
                0x0000000000015a60                VariableStoreProtocol
                0x0000000000015a70                InternalShellProtocol
                0x0000000000015a80                gEfiFileSystemVolumeLabelInfoIdGuid
                0x0000000000015a90                gEfiFileSystemInfoGuid
                0x0000000000015aa0                gEfiFileInfoGuid
                0x0000000000015ab0                gEfiEbcProtocolGuid
                0x0000000000015ac0                gEfiDriverFamilyOverrideProtocolGuid
                0x0000000000015ad0                gEfiBusSpecificDriverOverrideProtocolGuid
                0x0000000000015ae0                gEfiPlatformDriverOverrideProtocolGuid
                0x0000000000015af0                gEfiHashProtocolGuid
                0x0000000000015b00                gEfiComponentName2ProtocolGuid
                0x0000000000015b10                gEfiComponentNameProtocolGuid
                0x0000000000015b20                gEfiDriverBindingProtocolGuid
                0x0000000000015b30                gEfiPciRootBridgeIoProtocolGuid
                0x0000000000015b40                gEfiPciIoProtocolGuid
                0x0000000000015b50                gEFiUiInterfaceProtocolGuid
                0x0000000000015b60                gEfiNetworkInterfaceIdentifierProtocolGuid
                0x0000000000015b70                gEfiPxeBaseCodeCallbackProtocolGuid
                0x0000000000015b80                gEfiPxeBaseCodeProtocolGuid
                0x0000000000015b90                gEfiSimpleNetworkProtocolGuid
                0x0000000000015ba0                gEfiSerialIoProtocolGuid
                0x0000000000015bb0                gEfiUnicodeCollationProtocolGuid
                0x0000000000015bc0                gEfiDeviceIoProtocolGuid
                0x0000000000015bd0                gEfiLoadFileProtocolGuid
                0x0000000000015be0                gEfiSimpleFileSystemProtocolGuid
                0x0000000000015bf0                gEfiDiskIo2ProtocolGuid
                0x0000000000015c00                gEfiDiskIoProtocolGuid
                0x0000000000015c10                gEfiBlockIo2ProtocolGuid
                0x0000000000015c20                gEfiBlockIoProtocolGuid
                0x0000000000015c30                gEfiSimpleTextOutProtocolGuid
                0x0000000000015c40                gEfiSimpleTextInProtocolGuid
                0x0000000000015c50                gEfiLoadedImageProtocolGuid
                0x0000000000015c60                gEfiLoadedImageDevicePathProtocolGuid
                0x0000000000015c70                gEfiDevicePathFromTextProtocolGuid
                0x0000000000015c80                gEfiDevicePathToTextProtocolGuid
                0x0000000000015c90                gEfiDevicePathProtocolGuid
                0x0000000000015ca0                gIntelGopGuid
                0x0000000000015cb0                gPchSataControllerDriverGuid
                0x0000000000015cc0                gAhciBusInitProtocolGuid
                0x0000000000015cd0                gHddSecurityEndProtocolGuid
                0x0000000000015ce0                gHddUnlockedGuid
                0x0000000000015cf0                gHotPlugDeviceGuid
                0x0000000000015d00                gAmiEfikeycodeProtocolGuid
                0x0000000000015d10                gEfiNetworkInterfaceIdentifierProtocolGuid_31
                0x0000000000015d20                gEfiHiiConfigAccessProtocolGuid
                0x0000000000015d30                gEfiStorageSecurityCommandProtocolGuid
                0x0000000000015d40                gEfiIdeControllerInitProtocolGuid
                0x0000000000015d50                gEfiSioProtocolGuid
                0x0000000000015d60                gEfiLoadFile2ProtocolGuid
                0x0000000000015d70                gEfiFirmwareVolumeDispatchProtocolGuid
                0x0000000000015d80                gEfiFirmwareVolumeBlockProtocolGuid
                0x0000000000015d90                gEfiFirmwareVolume2ProtocolGuid
                0x0000000000015da0                gEfiExtScsiPassThruProtocolGuid
                0x0000000000015db0                gEfiScsiIoProtocolGuid
                0x0000000000015dc0                gEfiDiskInfoProtocolGuid
                0x0000000000015dd0                gEfiSimpleTextInExProtocolGuid
                0x0000000000015de0                gEfiPlatformIDEProtocolGuid
                0x0000000000015df0                gEfiConsoleOutDevicesStartedGuid
                0x0000000000015e00                gEfiConsoleInDevicesStartedGuid
                0x0000000000015e10                gEfiDataHubProtocolGuid
                0x0000000000015e20                gEfiUsbHcProtocolGuid
                0x0000000000015e30                gEfiUsb2HcProtocolGuid
                0x0000000000015e40                gEfiUsbIoProtocolGuid
                0x0000000000015e50                gEfiUsbTimingPolicyProtocolGuid
                0x0000000000015e60                gEfiUsbPolicyProtocolGuid
                0x0000000000015e70                gEfiDriverConfigurationProtocolGuid
                0x0000000000015e80                gEfiDriverDiagnostics2ProtocolGuid
                0x0000000000015e90                gEfiDriverDiagnosticsProtocolGuid
                0x0000000000015ea0                gEfiDriverSupportedEfiVersionProtocolGuid
                0x0000000000015eb0                gEfiConsoleInDeviceGuid
                0x0000000000015ec0                gEfiConsoleOutDeviceGuid
                0x0000000000015ed0                gEfiUgaDrawProtocolGuid
                0x0000000000015ee0                gEfiStandardErrorDeviceGuid
                0x0000000000015ef0                gEfiConsoleControlProtocolGuid
                0x0000000000015f00                NullGuid
                0x0000000000015f10                gEfiGlobalVariableGuid
                0x0000000000015f20                EndInstanceDevicePath
                0x0000000000015f24                EndDevicePath
                0x0000000000015f28                RootDevicePath
                0x0000000000015f2c                PoolAllocationType
                0x0000000000015f30                LibInitialized
 *fill*         0x0000000000015f31        0xf 
 .data.rel.local
                0x0000000000015f40       0x58 gnu-efi-3.0.9/lib/data.o
                0x0000000000015f40                UnicodeInterface
                0x0000000000015f60                LibStubUnicodeInterface
 .data          0x0000000000015f98        0x0 gnu-efi-3.0.9/lib/debug.o
 .data          0x0000000000015f98        0x0 gnu-efi-3.0.9/lib/dpath.o
 *fill*         0x0000000000015f98        0x8 
 .data.rel.local
                0x0000000000015fa0      0x1e0 gnu-efi-3.0.9/lib/dpath.o
                0x0000000000015fa0                DevPathTable
 .data          0x0000000000016180        0x0 gnu-efi-3.0.9/lib/error.o
 .data.rel.local
                0x0000000000016180      0x250 gnu-efi-3.0.9/lib/error.o
                0x0000000000016180                ErrorCodeTable
 .data          0x00000000000163d0        0x0 gnu-efi-3.0.9/lib/event.o
 .data          0x00000000000163d0        0x0 gnu-efi-3.0.9/lib/exit.o
 .data          0x00000000000163d0       0x50 gnu-efi-3.0.9/lib/guid.o
 .data.rel.ro.local
                0x0000000000016420      0x400 gnu-efi-3.0.9/lib/guid.o
 .data          0x0000000000016820        0x0 gnu-efi-3.0.9/lib/hand.o
 .data          0x0000000000016820        0x0 gnu-efi-3.0.9/lib/hw.o
 .data          0x0000000000016820        0x0 gnu-efi-3.0.9/lib/init.o
 .data          0x0000000000016820        0x0 gnu-efi-3.0.9/lib/lock.o
 .data          0x0000000000016820        0x0 gnu-efi-3.0.9/lib/x86_64/callwrap.o
 .data          0x0000000000016820        0x0 gnu-efi-3.0.9/lib/x86_64/initplat.o
 .data          0x0000000000016820        0x0 gnu-efi-3.0.9/lib/x86_64/math.o
 .data          0x0000000000016820        0x0 gnu-efi-3.0.9/lib/runtime/efirtlib.o
 .data          0x0000000000016820       0x18 gnu-efi-3.0.9/lib/runtime/rtdata.o
                0x0000000000016820                LibRuntimeRestoreTPL
                0x0000000000016828                LibRuntimeRaiseTPL
                0x0000000000016830                EFIDebug
 .data          0x0000000000016838        0x0 gnu-efi-3.0.9/lib/runtime/rtlock.o
 .data          0x0000000000016838        0x0 gnu-efi-3.0.9/lib/runtime/rtstr.o
 .data          0x0000000000016838        0x0 gnu-efi-3.0.9/lib/runtime/vm.o
 .data          0x0000000000016838        0x0 gnu-efi-3.0.9/gnuefi/reloc_x86_64.o
 .data          0x0000000000016838        0x0 gnu-efi-3.0.9/lib/x86_64/efi_stub.o
 .data          0x0000000000016838        0x0 gnu-efi-3.0.9/lib/x86_64/setjmp.o
 .data          0x0000000000016838        0x4 gnu-efi-3.0.9/gnuefi/crt0-efi-x86_64.o
 .data          0x000000000001683c        0x1 ../Simple_UEFI_Bootloader/src/Bootloader.o
                0x000000000001683c                IsApple
 *fill*         0x000000000001683d        0x3 
 .data          0x0000000000016840       0x10 ../Simple_UEFI_Bootloader/src/Graphics.o
                0x0000000000016840                APPLE_SET_OS_GUID
 .data          0x0000000000016850        0x0 ../Simple_UEFI_Bootloader/src/Loader.o
 .data          0x0000000000016850        0x0 ../Simple_UEFI_Bootloader/src/Memory.o
 .data          0x0000000000016850        0x0 ../Simple_UEFI_Bootloader/src/MyName.o
 *(.sdata)
 *(.sbss)
 *(.scommon)
 *(.dynbss)
 .dynbss        0x0000000000016850        0x0 gnu-efi-3.0.9/lib/misc.o
 *(.bss)
 .bss           0x0000000000016850        0x0 gnu-efi-3.0.9/lib/misc.o
 .bss           0x0000000000016850        0x0 gnu-efi-3.0.9/lib/print.o
 .bss           0x0000000000016850        0x0 gnu-efi-3.0.9/lib/smbios.o
 .bss           0x0000000000016850        0x0 gnu-efi-3.0.9/lib/sread.o
 .bss           0x0000000000016850        0x0 gnu-efi-3.0.9/lib/str.o
 .bss           0x0000000000016850        0x0 gnu-efi-3.0.9/lib/boxdraw.o
 *fill*         0x0000000000016850       0x10 
 .bss           0x0000000000016860      0x920 gnu-efi-3.0.9/lib/cmdline.o
 .bss           0x0000000000017180        0x0 gnu-efi-3.0.9/lib/console.o
 .bss           0x0000000000017180        0x0 gnu-efi-3.0.9/lib/crc.o
 .bss           0x0000000000017180       0x18 gnu-efi-3.0.9/lib/data.o
                0x0000000000017180                BS
                0x0000000000017188                ST
                0x0000000000017190                LibImageHandle
 .bss           0x0000000000017198        0x0 gnu-efi-3.0.9/lib/debug.o
 .bss           0x0000000000017198        0x0 gnu-efi-3.0.9/lib/dpath.o
 .bss           0x0000000000017198        0x0 gnu-efi-3.0.9/lib/error.o
 .bss           0x0000000000017198        0x0 gnu-efi-3.0.9/lib/event.o
 .bss           0x0000000000017198        0x0 gnu-efi-3.0.9/lib/exit.o
 *fill*         0x0000000000017198        0x8 
 .bss           0x00000000000171a0       0x10 gnu-efi-3.0.9/lib/guid.o
                0x00000000000171a0                GuidList
 .bss           0x00000000000171b0        0x0 gnu-efi-3.0.9/lib/hand.o
 .bss           0x00000000000171b0        0x0 gnu-efi-3.0.9/lib/hw.o
 .bss           0x00000000000171b0        0x0 gnu-efi-3.0.9/lib/init.o
 .bss           0x00000000000171b0        0x0 gnu-efi-3.0.9/lib/lock.o
 .bss           0x00000000000171b0        0x0 gnu-efi-3.0.9/lib/x86_64/callwrap.o
 .bss           0x00000000000171b0        0x0 gnu-efi-3.0.9/lib/x86_64/initplat.o
 .bss           0x00000000000171b0        0x0 gnu-efi-3.0.9/lib/x86_64/math.o
 .bss           0x00000000000171b0        0x0 gnu-efi-3.0.9/lib/runtime/efirtlib.o
 .bss           0x00000000000171b0       0x18 gnu-efi-3.0.9/lib/runtime/rtdata.o
                0x00000000000171b0                LibRuntimeDebugOut
                0x00000000000171b8                LibFwInstance
                0x00000000000171c0                RT
 .bss           0x00000000000171c8        0x0 gnu-efi-3.0.9/lib/runtime/rtlock.o
 .bss           0x00000000000171c8        0x0 gnu-efi-3.0.9/lib/runtime/rtstr.o
 .bss           0x00000000000171c8        0x0 gnu-efi-3.0.9/lib/runtime/vm.o
 .bss           0x00000000000171c8        0x0 gnu-efi-3.0.9/gnuefi/reloc_x86_64.o
 .bss           0x00000000000171c8        0x0 gnu-efi-3.0.9/lib/x86_64/efi_stub.o
 .bss           0x00000000000171c8        0x0 gnu-efi-3.0.9/lib/x86_64/setjmp.o
 .bss           0x00000000000171c8        0x0 gnu-efi-3.0.9/gnuefi/crt0-efi-x86_64.o
 .bss           0x00000000000171c8        0x0 ../Simple_UEFI_Bootloader/src/Bootloader.o
 .bss           0x00000000000171c8        0x0 ../Simple_UEFI_Bootloader/src/Graphics.o
 .bss           0x00000000000171c8        0x0 ../Simple_UEFI_Bootloader/src/Loader.o
 .bss           0x00000000000171c8        0x0 ../Simple_UEFI_Bootloader/src/Memory.o
 .bss           0x00000000000171c8        0x0 ../Simple_UEFI_Bootloader/src/MyName.o
 *(COMMON)
 *(.rel.local)

.note.gnu.build-id
                0x00000000000171c8       0x24
 *(.note.gnu.build-id)
 .note.gnu.build-id
                0x00000000000171c8       0x24 gnu-efi-3.0.9/lib/misc.o
                0x00000000000171ec                _edata = .
                0x0000000000009afc                _data_size = (. - _etext)
                0x0000000000018000                . = ALIGN (0x1000)

.dynamic        0x0000000000018000      0x110
 *(.dynamic)
 .dynamic       0x0000000000018000      0x110 gnu-efi-3.0.9/lib/misc.o
                0x0000000000018000                _DYNAMIC
                0x0000000000019000                . = ALIGN (0x1000)

.rela           0x0000000000019000     0x1278
 *(.rela.data*)
 .rela.data.rel.ro
                0x0000000000019000        0x0 gnu-efi-3.0.9/lib/misc.o
 .rela.data.rel.local
                0x0000000000019000      0x690 gnu-efi-3.0.9/lib/misc.o
 .rela.data.rel.ro.local
                0x0000000000019690      0xbe8 gnu-efi-3.0.9/lib/misc.o
 *(.rela.got)
 .rela.got      0x000000000001a278        0x0 gnu-efi-3.0.9/lib/misc.o
 *(.rela.stab)
                0x000000000001b000                . = ALIGN (0x1000)

.dynsym         0x000000000001b000       0x18
 *(.dynsym)
 .dynsym        0x000000000001b000       0x18 gnu-efi-3.0.9/lib/misc.o
                0x000000000001c000                . = ALIGN (0x1000)

.dynstr         0x000000000001c000        0x1
 *(.dynstr)
 .dynstr        0x000000000001c000        0x1 gnu-efi-3.0.9/lib/misc.o
                0x000000000001d000                . = ALIGN (0x1000)

.gnu.version_d  0x000000000001d000        0x0
 .gnu.version_d
                0x000000000001d000        0x0 gnu-efi-3.0.9/lib/misc.o

.gnu.version    0x000000000001d000        0x0
 .gnu.version   0x000000000001d000        0x0 gnu-efi-3.0.9/lib/misc.o

.gnu.version_r  0x000000000001d000        0x0
 .gnu.version_r
                0x000000000001d000        0x0 gnu-efi-3.0.9/lib/misc.o

.sframe         0x000000000001d000        0x0
 .sframe        0x000000000001d000        0x0 gnu-efi-3.0.9/lib/misc.o

.ignored.reloc  0x000000000001d000        0x0
 *(.rela.reloc)
 *(.eh_frame)
 *(.note.GNU-stack)
 .note.GNU-stack
                0x000000000001d000        0x0 gnu-efi-3.0.9/lib/misc.o
 .note.GNU-stack
                0x000000000001d000        0x0 gnu-efi-3.0.9/lib/print.o
 .note.GNU-stack
                0x000000000001d000        0x0 gnu-efi-3.0.9/lib/smbios.o
 .note.GNU-stack
                0x000000000001d000        0x0 gnu-efi-3.0.9/lib/sread.o
 .note.GNU-stack
                0x000000000001d000        0x0 gnu-efi-3.0.9/lib/str.o
 .note.GNU-stack
                0x000000000001d000        0x0 gnu-efi-3.0.9/lib/boxdraw.o
 .note.GNU-stack
                0x000000000001d000        0x0 gnu-efi-3.0.9/lib/cmdline.o
 .note.GNU-stack
                0x000000000001d000        0x0 gnu-efi-3.0.9/lib/console.o
 .note.GNU-stack
                0x000000000001d000        0x0 gnu-efi-3.0.9/lib/crc.o
 .note.GNU-stack
                0x000000000001d000        0x0 gnu-efi-3.0.9/lib/data.o
 .note.GNU-stack
                0x000000000001d000        0x0 gnu-efi-3.0.9/lib/debug.o
 .note.GNU-stack
                0x000000000001d000        0x0 gnu-efi-3.0.9/lib/dpath.o
 .note.GNU-stack
                0x000000000001d000        0x0 gnu-efi-3.0.9/lib/error.o
 .note.GNU-stack
                0x000000000001d000        0x0 gnu-efi-3.0.9/lib/event.o
 .note.GNU-stack
                0x000000000001d000        0x0 gnu-efi-3.0.9/lib/exit.o
 .note.GNU-stack
                0x000000000001d000        0x0 gnu-efi-3.0.9/lib/guid.o
 .note.GNU-stack
                0x000000000001d000        0x0 gnu-efi-3.0.9/lib/hand.o
 .note.GNU-stack
                0x000000000001d000        0x0 gnu-efi-3.0.9/lib/hw.o
 .note.GNU-stack
                0x000000000001d000        0x0 gnu-efi-3.0.9/lib/init.o
 .note.GNU-stack
                0x000000000001d000        0x0 gnu-efi-3.0.9/lib/lock.o
 .note.GNU-stack
                0x000000000001d000        0x0 gnu-efi-3.0.9/lib/x86_64/callwrap.o
 .note.GNU-stack
                0x000000000001d000        0x0 gnu-efi-3.0.9/lib/x86_64/initplat.o
 .note.GNU-stack
                0x000000000001d000        0x0 gnu-efi-3.0.9/lib/x86_64/math.o
 .note.GNU-stack
                0x000000000001d000        0x0 gnu-efi-3.0.9/lib/runtime/efirtlib.o
 .note.GNU-stack
                0x000000000001d000        0x0 gnu-efi-3.0.9/lib/runtime/rtdata.o
 .note.GNU-stack
                0x000000000001d000        0x0 gnu-efi-3.0.9/lib/runtime/rtlock.o
 .note.GNU-stack
                0x000000000001d000        0x0 gnu-efi-3.0.9/lib/runtime/rtstr.o
 .note.GNU-stack
                0x000000000001d000        0x0 gnu-efi-3.0.9/lib/runtime/vm.o
 .note.GNU-stack
                0x000000000001d000        0x0 gnu-efi-3.0.9/gnuefi/reloc_x86_64.o
 .note.GNU-stack
                0x000000000001d000        0x0 ../Simple_UEFI_Bootloader/src/Bootloader.o
 .note.GNU-stack
                0x000000000001d000        0x0 ../Simple_UEFI_Bootloader/src/Graphics.o
 .note.GNU-stack
                0x000000000001d000        0x0 ../Simple_UEFI_Bootloader/src/Loader.o
 .note.GNU-stack
                0x000000000001d000        0x0 ../Simple_UEFI_Bootloader/src/Memory.o
 .note.GNU-stack
                0x000000000001d000        0x0 ../Simple_UEFI_Bootloader/src/MyName.o

.comment        0x0000000000000000       0x2d
 *(.comment)
 .comment       0x0000000000000000       0x2d gnu-efi-3.0.9/lib/misc.o
                                         0x2e (size before relaxing)
 .comment       0x000000000000002d       0x2e gnu-efi-3.0.9/lib/print.o
 .comment       0x000000000000002d       0x2e gnu-efi-3.0.9/lib/smbios.o
 .comment       0x000000000000002d       0x2e gnu-efi-3.0.9/lib/sread.o
 .comment       0x000000000000002d       0x2e gnu-efi-3.0.9/lib/str.o
 .comment       0x000000000000002d       0x2e gnu-efi-3.0.9/lib/boxdraw.o
 .comment       0x000000000000002d       0x2e gnu-efi-3.0.9/lib/cmdline.o
 .comment       0x000000000000002d       0x2e gnu-efi-3.0.9/lib/console.o
 .comment       0x000000000000002d       0x2e gnu-efi-3.0.9/lib/crc.o
 .comment       0x000000000000002d       0x2e gnu-efi-3.0.9/lib/data.o
 .comment       0x000000000000002d       0x2e gnu-efi-3.0.9/lib/debug.o
 .comment       0x000000000000002d       0x2e gnu-efi-3.0.9/lib/dpath.o
 .comment       0x000000000000002d       0x2e gnu-efi-3.0.9/lib/error.o
 .comment       0x000000000000002d       0x2e gnu-efi-3.0.9/lib/event.o
 .comment       0x000000000000002d       0x2e gnu-efi-3.0.9/lib/exit.o
 .comment       0x000000000000002d       0x2e gnu-efi-3.0.9/lib/guid.o
 .comment       0x000000000000002d       0x2e gnu-efi-3.0.9/lib/hand.o
 .comment       0x000000000000002d       0x2e gnu-efi-3.0.9/lib/hw.o
 .comment       0x000000000000002d       0x2e gnu-efi-3.0.9/lib/init.o
 .comment       0x000000000000002d       0x2e gnu-efi-3.0.9/lib/lock.o
 .comment       0x000000000000002d       0x2e gnu-efi-3.0.9/lib/x86_64/callwrap.o
 .comment       0x000000000000002d       0x2e gnu-efi-3.0.9/lib/x86_64/initplat.o
 .comment       0x000000000000002d       0x2e gnu-efi-3.0.9/lib/x86_64/math.o
 .comment       0x000000000000002d       0x2e gnu-efi-3.0.9/lib/runtime/efirtlib.o
 .comment       0x000000000000002d       0x2e gnu-efi-3.0.9/lib/runtime/rtdata.o
 .comment       0x000000000000002d       0x2e gnu-efi-3.0.9/lib/runtime/rtlock.o
 .comment       0x000000000000002d       0x2e gnu-efi-3.0.9/lib/runtime/rtstr.o
 .comment       0x000000000000002d       0x2e gnu-efi-3.0.9/lib/runtime/vm.o
 .comment       0x000000000000002d       0x2e gnu-efi-3.0.9/gnuefi/reloc_x86_64.o
 .comment       0x000000000000002d       0x2e ../Simple_UEFI_Bootloader/src/Bootloader.o
 .comment       0x000000000000002d       0x2e ../Simple_UEFI_Bootloader/src/Graphics.o
 .comment       0x000000000000002d       0x2e ../Simple_UEFI_Bootloader/src/Loader.o
 .comment       0x000000000000002d       0x2e ../Simple_UEFI_Bootloader/src/Memory.o
 .comment       0x000000000000002d       0x2e ../Simple_UEFI_Bootloader/src/MyName.o
OUTPUT(program.so elf64-x86-64)
